[0m[0K]0;:/c/Users/olipes/Desktop/Rchangesims[?25l
[0;32molipes@WLL-1TCWN72 [0;35m [0;33m~/Desktop/Rchangesims[0m[0K
$[0K[3G[?25h[?25l$ g[0K[3G[?25h[?25l$ git remote add origin https://github.com/hansenjohnson/website.git[0K[?25h[?25l$ git remote add origin https://github.com/hansenjohnson/website.gi[0K[?25h[?25l$ git remote add origin https://github.com/hansenjohnson/website.g[0K[?25h[?25l$ git remote add origin https://github.com/hansenjohnson/website.[0K[?25h[?25l$ git remote add origin https://github.com/hansenjohnson/website[0K[?25h[?25l$ git remote add origin https://github.com/hansenjohnson/websi[0K[?25h[?25l$ git remote add origin https://github.com/hansenjohnson/webs[0K[?25h[?25l$ git remote add origin https://github.com/hansenjohnson/web[0K[?25h[?25l$ git remote add origin https://github.com/hansenjohnson/we[0K[?25h[?25l$ git remote add origin https://github.com/hansenjohnson/w[0K[?25h[?25l$ git remote add origin https://github.com/hansenjohnson[0K[58G[?25h[?25l$ git remote add origin https://github.com/hansenjohnso[0K[?25h[?25l$ git remote add origin https://github.com/hansenjohn[0K[?25h[?25l$ git remote add origin https://github.com/hansenjoh[0K[?25h[?25l$ git remote add origin https://github.com/hansenjo[0K[53G[?25h[?25l$ git remote add origin https://github.com/hansenj[0K[52G[?25h[51G[?25l$ git remote add origin https://github.com/hansen[0K[?25h[?25l$ git remote add origin https://github.com/hanse[0K[?25h[?25l$ git remote add origin https://github.com/hans[0K[?25h[?25l$ git remote add origin https://github.com/han[0K[48G[?25h[47G[?25l$ git remote add origin https://github.com/ha[0K[?25h[?25l$ git remote add origin https://github.com/h[0K[?25h[?25l$ git remote add origin https://github.com/[0K[?25hs[0Kc[0Ka[0Kr[0Ke[0K[?25l$ git remote add origin https://github.com/scar[0K[?25h[?25l$ git remote add origin https://github.com/sca[0K[?25h[?25l$ git remote add origin https://github.com/sc[0K[?25h[?25l$ git remote add origin https://github.com/s[0K[?25ha[0Kc[0K[?25lr[0K[47G[?25h[48G[?25l$ git remote add origin https://github.com/sacre[0K[?25hv[0Ke[0Kr[0Kt[0K/[0KR[0Ka[0Kn[0Kg[0Ke[0KC[0Kh[0K[?25la[0K[61G[?25h[62G[?25l$ git remote add origin https://github.com/sacrevert/RangeChan[0K[?25hg[0Ke[0KS[0Ki[0Km[0Ks[0K[?25l
[0K[?25hfatal: Not a git repository (or any of the parent directories): .git[0K[?25l
[0K[?25h[?25l
[0;32molipes@WLL-1TCWN72 [0;35m [0;33m~/Desktop/Rchangesims[0m[0K
$[0K[3G[?25h[?25l$ git remote add origin https://github.com/sacrevert/RangeChangeSims[0K[?25h[?25l$ git remote add origin https://github.com/sacrevert/RangeChangeSim[0K[?25h[?25l$ git remote add origin https://github.com/sacrevert/RangeChangeSi[0K[?25h[?25l$ git remote add origin https://github.com/sacrevert/RangeChangeS[0K[?25h[?25l$ git remote add origin https://github.com/sacrevert/RangeChange[0K[?25h[?25l$ git remote add origin https://github.com/sacrevert/RangeChang[0K[?25h[?25l$ git remote add origin https://github.com/sacrevert/RangeChan[0K[?25h[?25l$ git remote add origin https://github.com/sacrevert/RangeCha[0K[?25h[?25l$ git remote add origin https://github.com/sacrevert/RangeCh[0K[?25h[?25l$ git remote add origin https://github.com/sacrevert/Range[0K[?25h[?25l$ git remote add origin https://github.com/sacrevert/Rang[0K[?25h[?25l$ git remote add origin https://github.com/sacrevert/Ran[0K[?25h[?25l$ git remote add origin https://github.com/sacrevert/Ra[0K[?25h[?25l$ git remote add origin https://github.com/sacrevert/R[0K[?25h[?25l$ git remote add origin https://github.com/sacrevert[0K[?25h[?25l$ git remote add origin https://github.com/sacreve[0K[?25h[?25l$ git remote add origin https://github.com/sacrev[0K[?25h[?25l$ git remote add origin https://github.com/sacr[0K[49G[?25h[48G[?25l$ git remote add origin https://github.com/sac[0K[?25h[?25l$ git remote add origin https://github.com/sa[0K[?25h[?25l$ git remote add origin https://github.com/s[0K[?25h[?25l$ git remote add origin https://github.com/[0K[?25h[?25l$ git remote add origin https://github.co[0K[?25h[?25l$ git remote add origin https://github.c[0K[?25h[?25l$ git remote add origin https://github.[0K[?25h[?25l$ git remote add origin https://github[0K[?25h[?25l$ git remote add origin https://githu[0K[?25h[?25l$ git remote add origin https://gith[0K[?25h[?25l$ git remote add origin https://git[0K[?25h[?25l$ git remote add origin https://gi[0K[?25h[?25l$ git remote add origin https://g[0K[?25h[?25l$ git remote add origin https://[0K[?25h[?25l$ git remote add origin https:/[0K[?25h[?25l$ git remote add origin https:[0K[?25h[?25l$ git remote add origin https[0K[?25h[?25l$ git remote add origin http[0K[?25h[?25l$ git remote add origin htt[0K[?25h[?25l$ git remote add origin ht[0K[?25h[?25l$ git remote add origin h[0K[?25h[?25l$ git remote add origin[0K[25G[?25h[?25l$ git remote add origi[0K[?25h[?25l$ git remote add orig[0K[?25h[?25l$ git remote add ori[0K[?25h[?25l$ git remote add or[0K[?25h[?25l$ git remote add[0K[18G[?25h[17G[?25l$ git remote a[0K[?25h[?25l$ git remote[0K[?25h[?25l$ git remot[0K[?25h[?25l$ git rem[0K[?25h[?25l$ git re[0K[?25h[?25l$ git r[0K[?25h[?25l$ git[0K[7G[?25h[6G[7G[?25l$ git i[0K[?25hn[0Ki[0Kt[0K[?25l
[0K[?25hInitialized empty Git repository in C:/Users/olipes/Desktop/Rchangesims/.git/[0K[?25l
[0K[?25h[?25l
[0;32molipes@WLL-1TCWN72 [0;35m [0;33m~/Desktop/Rchangesims[0;36m (master)[0m[0K
$[0K[3G[?25h[?25l$ git init[0K[?25h[?25l$ git remote add origin https://github.com/sacrevert/RangeChangeSims[0K[?25hhttps://github.com/sacrevert/RangeChangeSims[0K[?25l$ git remote add origin https://github.com/sacrevert/RangeChangeSimshttps://github.com/sacrevert/RangeChangeSim[0K[?25h[?25l$ git remote add origin https://github.com/sacrevert/RangeChangeSimshttps://github.com/sacrevert/RangeChangeSi[0K[112G[?25h[111G[?25l$ git remote add origin https://github.com/sacrevert/RangeChangeSimshttps://github.com/sacrevert/RangeChange[0K[110G[?25h[?25l$ git remote add origin https://github.com/sacrevert/RangeChangeSimshttps://github.com/sacrevert/RangeChang[0K[?25h[?25l$ git remote add origin https://github.com/sacrevert/RangeChangeSimshttps://github.com/sacrevert/RangeChan[0K[?25h[?25l$ git remote add origin https://github.com/sacrevert/RangeChangeSimshttps://github.com/sacrevert/RangeCha[0K[?25h[?25l$ git remote add origin https://github.com/sacrevert/RangeChangeSimshttps://github.com/sacrevert/RangeCh[0K[?25h[?25l$ git remote add origin https://github.com/sacrevert/RangeChangeSimshttps://github.com/sacrevert/RangeC[0K[?25h[?25l$ git remote add origin https://github.com/sacrevert/RangeChangeSimshttps://github.com/sacrevert/Range[0K[?25h[?25l$ git remote add origin https://github.com/sacrevert/RangeChangeSimshttps://github.com/sacrevert/Rang[0K[?25h[?25l$ git remote add origin https://github.com/sacrevert/RangeChangeSimshttps://github.com/sacrevert/Ran[0K[?25h[?25l$ git remote add origin https://github.com/sacrevert/RangeChangeSimshttps://github.com/sacrevert/Ra[0K[?25h[?25l$ git remote add origin https://github.com/sacrevert/RangeChangeSimshttps://github.com/sacrevert/R[0K[?25h[?25l$ git remote add origin https://github.com/sacrevert/RangeChangeSimshttps://github.com/sacrevert/[0K[?25h[?25l$ git remote add origin https://github.com/sacrevert/RangeChangeSimshttps://github.com/sacrevert[0K[?25h[?25l$ git remote add origin https://github.com/sacrevert/RangeChangeSimshttps://github.com/sacrever[0K[?25h[?25l$ git remote add origin https://github.com/sacrevert/RangeChangeSimshttps://github.com/sacrev[0K[?25h[?25l$ git remote add origin https://github.com/sacrevert/RangeChangeSimshttps://github.com/sacr[0K[93G[?25h[92G[?25l$ git remote add origin https://github.com/sacrevert/RangeChangeSimshttps://github.com/sac[0K[?25h[?25l$ git remote add origin https://github.com/sacrevert/RangeChangeSimshttps://github.com/sa[0K[?25h[?25l$ git remote add origin https://github.com/sacrevert/RangeChangeSimshttps://github.com/s[0K[?25h[?25l$ git remote add origin https://github.com/sacrevert/RangeChangeSimshttps://github.com/[0K[?25h[?25l$ git remote add origin https://github.com/sacrevert/RangeChangeSimshttps://github.co[0K[?25h[?25l$ git remote add origin https://github.com/sacrevert/RangeChangeSimshttps://github.c[0K[?25h[?25l$ git remote add origin https://github.com/sacrevert/RangeChangeSimshttps://github.[0K[?25h[?25l$ git remote add origin https://github.com/sacrevert/RangeChangeSimshttps://github[0K[84G[?25h[?25l$ git remote add origin https://github.com/sacrevert/RangeChangeSimshttps://githu[0K[83G[?25h[82G[?25l$ git remote add origin https://github.com/sacrevert/RangeChangeSimshttps://gith[0K[?25h[?25l$ git remote add origin https://github.com/sacrevert/RangeChangeSimshttps://git[0K[?25h[?25l$ git remote add origin https://github.com/sacrevert/RangeChangeSimshttps://gi[0K[?25h[?25l$ git remote add origin https://github.com/sacrevert/RangeChangeSimshttps://g[0K[?25h[?25l$ git remote add origin https://github.com/sacrevert/RangeChangeSimshttps://[0K[?25h[?25l$ git remote add origin https://github.com/sacrevert/RangeChangeSimshttps:/[0K[77G[?25h[76G[?25l$ git remote add origin https://github.com/sacrevert/RangeChangeSimshttps:[0K[?25h[?25l$ git remote add origin https://github.com/sacrevert/RangeChangeSimshttps[0K[?25h[?25l$ git remote add origin https://github.com/sacrevert/RangeChangeSimshttp[0K[?25h[?25l$ git remote add origin https://github.com/sacrevert/RangeChangeSimshtt[0K[?25h[?25l$ git remote add origin https://github.com/sacrevert/RangeChangeSimsht[0K[?25h[?25l$ git remote add origin https://github.com/sacrevert/RangeChangeSimsh[0K[?25h[?25l$ git remote add origin https://github.com/sacrevert/RangeChangeSims[0K[?25h[?25l$ git remote add origin https://github.com/sacrevert/RangeChangeSim[0K[?25hs[0K[?25l
[0K[?25h[?25l
[0;32molipes@WLL-1TCWN72 [0;35m [0;33m~/Desktop/Rchangesims[0;36m (master)[0m[0K
$[0K[3G[?25h[?25l$ g[0K[?25hi[0Kt[0K[7G[?25l$ git f[0K[?25he[0Kt[0Kc[0Kh[0K[13G[?25l$ git fetch o[0K[?25hr[0Ki[0Kg[0Ki[0Kn[0K[?25l
[0K[?25hremote: Enumerating objects: 176, done.[0K[?25l
[0K[?25h[?25lReceiving objects:  40% (71/176)[0K[1G[?25h[?25lReceiving objects:  42% (74/176)[0K[1G[?25h[?25lReceiving objects:  42% (74/176), 3.19 MiB | 3.18 MiB/s[0K[1G[?25h[?25lReceiving objects:  42% (74/176), 6.39 MiB | 3.19 MiB/s[0K[1G[?25h[?25lReceiving objects:  42% (74/176), 9.57 MiB | 3.19 MiB/s[0K[1G[?25h[?25lReceiving objects:  43% (76/176), 9.57 MiB | 3.19 MiB/s[0K[1G[?25h[?25lReceiving objects:  44% (78/176), 11.16 MiB | 3.18 MiB/s[0K[1G[?25h[?25lReceiving objects:  55% (97/176), 11.16 MiB | 3.18 MiB/s[0K[1G[?25h[?25lReceiving objects:  72% (127/176), 11.16 MiB | 3.18 MiB/s[0K[14G[?25h[?25lReceiving objects:  73% (129/176), 11.16 Miremote: Total 176 (delta 0), reused 0 (delta 0), pack-reused 176[0K
Receiving objects: 100% (176/176), 11.52 MiB | 3.18 MiB/s, done.[0K
Resolving deltas:  99% (100/101)[0K[1G[?25hResolving deltas: 100% (101/101), done.[0K[?25l
[0K[?25hFrom https://github.com/sacrevert/RangeChangeSims[0K[?25l
 * [new branch]      master     -> origin/master[0K
[0K[?25h[?25l
[0;32molipes@WLL-1TCWN72 [0;35m [0;33m~/Desktop/Rchangesims[0;36m (master)[0m[0K
$[0K[3G[?25h[?25l$ git fetch origin[0K[?25h/[0Km[0K[?25las[0K[22G[?25h[23G[?25l$ git fetch origin/mast[0K[?25he[0K[?25lr[0K[25G[?25h[26G[25G[24G[21G[20G[19G[18G[17G[16G[15G[14G[13G[12G[?25l$ git fetc origin/master[0K[11G[?25h[?25l$ git fet origin/master[0K[10G[?25h[?25l$ git fe origin/master[0K[10G[?25h[9G[?25l$ git f origin/master[0K[8G[?25h[?25l$ git  origin/master[0K[7G[?25h[?25l$ git r origin/master[0K[8G[?25h[?25l$ git res origin/master[0K[10G[?25h[?25l$ git rest origin/master[0K[11G[?25h[?25l$ git res origin/master[0K[10G[?25h[?25l$ git rese origin/master[0K[11G[?25h[?25l$ git reset origin/master[0K[12G[?25h[?25l$ git reset  origin/master[0K[13G[?25h[?25l$ git reset origin/master[0K[12G[?25h[?25l
[0K[?25hUnstaged changes after reset:[0K[?25l
D       Explore_results.R[0K
D       Occupancy/OccMod1.bugs[0K
D       Occupancy/Occ_Arco.bugs[0K
D       Occupancy/Occ_Full.bugs[0K
D       Occupancy/Occ_LL.bugs[0K
D       Occupancy/Occ_LL_Site.bugs[0K
D       Occupancy/Occ_Simple.bugs[0K
D       Occupancy/Occ_Site.bugs[0K
D       Occupancy/Occupancy_model.r[0K
D       Occupancy/Simple Occmod.bugs[0K
D       README.md[0K
D       Run_full_analysis.R[0K
D       Sim_Wrapper.r[0K
D       Sim_functions.r[0K
D       extract_collate_stats.R[0K
D       jagsTest.r[0K
D       reshape2_1.2.2.tar.gz[0K
D       run_fresc_param_sims.r[0K
D       simWts.txt[0K
D       sims_to_frescalo.r[0K
D       sparta_0.1.20.zip[0K
D       vignette.Rnw[0K
D       vignette.pdf[0K
[0K[?25h[?25l
[0;32molipes@WLL-1TCWN72 [0;35m [0;33m~/Desktop/Rchangesims[0;36m (master)[0m[0K
$[0K[3G[?25h[?25l$ git reset origin/master[0K[?25h[?25l$ git reset origin/maste[0K[?25h[?25l$ git reset origin/mast[0K[?25h[?25l$ git reset origin/mas[0K[?25h[?25l$ git reset origin/ma[0K[23G[?25h[?25l$ git reset origin/m[0K[?25h[?25l$ git reset origin/[0K[?25h[?25l$ git reset origi[0K[?25h[?25l$ git reset orig[0K[?25h[?25l$ git reset or[0K[?25h[?25l$ git reset o[0K[?25h[?25l$ git reset[0K[13G[?25h[12G[?25l$ git rese[0K[?25h[?25l$ git res[0K[?25h[?25l$ git re[0K[?25h[?25l$ git r[0K[?25h[?25l$ git[0K[8G[?25h[7G[?25l$ git s[0K[?25h[?25lt[0K[8G[?25h[9G[?25l$ git sta[0K[?25ht[0K[?25lu[0K[11G[?25h[12G[?25l$ git status[0K[?25h[?25l
[0K[?25hOn branch master[0K[?25l
Changes not staged for commit:[0K
  (use "git add/rm <file>..." to update what will be committed)[0K
  (use "git checkout -- <file>..." to discard changes in working directory)[0K
[0K
        [0;31mdeleted:    Explore_results.R[0m[0K
        [0;31mdeleted:    Occupancy/OccMod1.bugs[0m[0K
        [0;31mdeleted:    Occupancy/Occ_Arco.bugs[0m[0K
        [0;31mdeleted:    Occupancy/Occ_Full.bugs[0m[0K[?25h[?25l
        [0;31mdeleted:    Occupancy/Occ_LL.bugs[0m[0K
        [0;31mdeleted:    Occupancy/Occ_LL_Site.bugs[0m[0K
        [0;31mdeleted:    Occupancy/Occ_Simple.bugs[0m[0K
        [0;31mdeleted:    Occupancy/Occ_Site.bugs[0m[0K
        [0;31mdeleted:    Occupancy/Occupancy_model.r[0m[0K
        [0;31mdeleted:    Occupancy/Simple Occmod.bugs[0m[0K
        [0;31mdeleted:    README.md[0m[0K
        [0;31mdeleted:    Run_full_analysis.R[0m[0K
        [0;31mdeleted:    Sim_Wrapper.r[0m[0K
        [0;31mdeleted:    Sim_functions.r[0m[0K
        [0;31mdeleted:    extract_collate_stats.R[0m[0K
        [0;31mdeleted:    jagsTest.r[0m[0K
        [0;31mdeleted:    reshape2_1.2.2.tar.gz[0m[0K
        [0;31mdeleted:    run_fresc_param_sims.r[0m[0K
        [0;31mdeleted:    simWts.txt[0m[0K
        [0;31mdeleted:    sims_to_frescalo.r[0m[0K
        [0;31mdeleted:    sparta_0.1.20.zip[0m[0K
        [0;31mdeleted:    vignette.Rnw[0m[0K
        [0;31mdeleted:    vignette.pdf[0m[0K
[0K
Untracked files:[0K
  (use "git add <file>..." to include in what will be committed)[0K
[0K
        [0;31m.Rproj.user/[0m[0K
        [0;31mRchangesims.Rproj[0m[0K
[0K
no changes added to commit (use "git add" and/or "git commit -a")[0K
[0K[?25h[?25l
[0;32molipes@WLL-1TCWN72 [0;35m [0;33m~/Desktop/Rchangesims[0;36m (master)[0m[0K
$[0K[3G[?25h[?25l$ git status[0K[?25h[?25l$ git reset origin/master[0K[?25h[?25l$ git fetch origin[0K[?25h[?25l$ git remote add origin https://github.com/sacrevert/RangeChangeSims[0K[?25h[?25l$ git fetch origin[0K[?25h[?25l
[0K[?25h[?25l
[0;32molipes@WLL-1TCWN72 [0;35m [0;33m~/Desktop/Rchangesims[0;36m (master)[0m[0K
$[0K[3G[?25h[?25l$ git fetch origin[0K[?25h[?25l$ git status[0K[?25h[?25l$ git reset origin/master[0K[?25h[?25l$ git fetch origin[0K[?25h[?25l$ git remote add origin https://github.com/sacrevert/RangeChangeSims[0K[?25h[?25l
[0K[?25hfatal: remote origin already exists.[0K[?25l
[0K[?25h[?25l
[0;32molipes@WLL-1TCWN72 [0;35m [0;33m~/Desktop/Rchangesims[0;36m (master)[0m[0K
$[0K[3G[?25h[?25l$ git remote add origin https://github.com/sacrevert/RangeChangeSims[0K[?25h[?25l$ git fetch origin[0K[?25h[?25l
[0K[?25h[?25l
[0;32molipes@WLL-1TCWN72 [0;35m [0;33m~/Desktop/Rchangesims[0;36m (master)[0m[0K
$[0K[3G[?25h[?25l$ g[0K[?25hi[0Kt[0K[7G[?25l$ git c[0K[?25h[?25lh[0K[8G[?25h[9G[?25l$ git che[0K[?25hc[0Kk[0K[?25li[0K[12G[?25h[?25l$ git checkiou[0K[?25ht[0K[?25l$ git checkiou[0K[?25h[?25l$ git checkio[0K[?25h[?25l$ git checki[0K[?25h[?25l$ git check[0K[?25h[?25lou[0K[13G[?25h[14G[?25l$ git checkout[0K[?25h[16G[?25l$ git checkout -[0K[?25h[?25lf[0K[17G[?25h[18G[19G[?25l$ git checkout -f h[0K[?25he[0Ka[0Kd[0K[?25l
[0K[?25hNote: checking out 'head'.[0K[?25l
[0K
You are in 'detached HEAD' state. You can look around, make experimental[0K
changes and commit them, and you can discard any commits you make in this[0K
state without impacting any branches by performing another checkout.[0K
[0K
If you want to create a new branch to retain commits you create, you may[0K
do so (now or later) by using -b with the checkout command again. Example:[0K
[0K
  git checkout -b <new-branch-name>[0K
[0K
HEAD is now at afdfcf6 Path the frecalo fixed and typo in vignette fixed[0K
[0K[?25h[?25l
[0;32molipes@WLL-1TCWN72 [0;35m [0;33m~/Desktop/Rchangesims[0;36m ((afdfcf6...))[0m[0K
$[0K[3G[?25h[?25l$ g[0K[?25hi[0Kt[0K[7G[?25l$ git a[0K[?25hd[0Kd[0K[11G[?25l$ git add -[0K[?25ha[0K[?25ll[0K[13G[?25h[14G[?25l$ git add -all[0K[14G[?25h[15G[?25l
[0K[?25herror: did you mean `--all` (with two dashes ?)[0K[?25l
[0K[?25h[?25l
[0;32molipes@WLL-1TCWN72 [0;35m [0;33m~/Desktop/Rchangesims[0;36m ((afdfcf6...))[0m[0K
$[0K[3G[?25h[?25l$ git add -all[0K[?25h[14G[13G[12G[?25l$ git add --all[0K[13G[?25h[?25l
[0K[?25h